// Jest Snapshot v1, https://goo.gl/fbAQLP

exports[`<Atom> should take a snapshot 1`] = `
<DocumentFragment>
  <div
    class="Atom-sc-1c1pzcy-0 hVnAoc"
  />
</DocumentFragment>
`;
