// Jest Snapshot v1, https://goo.gl/fbAQLP

exports[`<Img> should take a snapshot 1`] = `
<DocumentFragment>
  <div
    style="display: inline-block; max-width: 100%; overflow: hidden; position: relative; box-sizing: border-box; margin: 0px;"
  >
    <div
      style="box-sizing: border-box; display: block; max-width: 100%;"
    >
      <img
        alt=""
        aria-hidden="true"
        role="presentation"
        src="data:image/svg+xml;base64,PHN2ZyB3aWR0aD0iMTUwIiBoZWlnaHQ9IjE1MCIgeG1sbnM9Imh0dHA6Ly93d3cudzMub3JnLzIwMDAvc3ZnIiB2ZXJzaW9uPSIxLjEiLz4="
        style="max-width: 100%; display: block;"
      />
    </div>
    <img
      alt="Cover image"
      class="Image__Img-k5bfp2-0 jMwuzy"
      decoding="async"
      src="/_next/image?url=%2Fimg%2Fsample%2Fcover-image.png&w=768&q=75"
      srcset="/_next/image?url=%2Fimg%2Fsample%2Fcover-image.png&w=320&q=75 1x, /_next/image?url=%2Fimg%2Fsample%2Fcover-image.png&w=768&q=75 2x"
      style="visibility: visible; position: absolute; top: 0px; left: 0px; bottom: 0px; right: 0px; box-sizing: border-box; padding: 0px; margin: auto; display: block; width: 0px; height: 0px; min-width: 100%; max-width: 100%; min-height: 100%; max-height: 100%;"
    />
  </div>
</DocumentFragment>
`;
